Pytest (unit, py3.11)	Pytest (exclude integration)	﻿2026-09-17T11:44:02.4995706Z ##[group]Run pytest tests/ -m "not integration and not perf and not live" -q --tb=short
Pytest (unit, py3.11)	Pytest (exclude integration)	2026-09-17T11:44:02.4996409Z ^[[36;1mpytest tests/ -m "not integration and not perf and not live" -q --tb=short^[[0m
Pytest (unit, py3.11)	Pytest (exclude integration)	2026-09-17T11:44:02.5037621Z shell: /usr/bin/bash -e {0}
Pytest (unit, py3.11)	Pytest (exclude integration)	2026-09-17T11:44:02.5037920Z env:
Pytest (unit, py3.11)	Pytest (exclude integration)	2026-09-17T11:44:02.5038228Z   pythonLocation: /opt/hostedtoolcache/Python/3.11.16/x64
Pytest (unit, py3.11)	Pytest (exclude integration)	2026-09-17T11:44:02.5038720Z   PKG_CONFIG_PATH: /opt/hostedtoolcache/Python/3.11.16/x64/lib/pkgconfig
Pytest (unit, py3.11)	Pytest (exclude integration)	2026-09-17T11:44:02.5039226Z   Python_ROOT_DIR: /opt/hostedtoolcache/Python/3.11.16/x64
Pytest (unit, py3.11)	Pytest (exclude integration)	2026-09-17T11:44:02.5039646Z   Python2_ROOT_DIR: /opt/hostedtoolcache/Python/3.11.16/x64
Pytest (unit, py3.11)	Pytest (exclude integration)	2026-09-17T11:44:02.5040098Z   Python3_ROOT_DIR: /opt/hostedtoolcache/Python/3.11.16/x64
Pytest (unit, py3.11)	Pytest (exclude integration)	2026-09-17T11:44:02.5040541Z   LD_LIBRARY_PATH: /opt/hostedtoolcache/Python/3.11.16/x64/lib
Pytest (unit, py3.11)	Pytest (exclude integration)	2026-09-17T11:44:02.5040974Z   NCE_MASTER_KEY: ci-test-master-key-32chars-minimum!!
Pytest (unit, py3.11)	Pytest (exclude integration)	2026-09-17T11:44:02.5041350Z   DROPBOX_APP_SECRET: test-dropbox-secret
Pytest (unit, py3.11)	Pytest (exclude integration)	2026-09-17T11:44:02.5041714Z   GRAPH_CLIENT_STATE: test-graph-state
Pytest (unit, py3.11)	Pytest (exclude integration)	2026-09-17T11:44:02.5042017Z   DRIVE_CHANNEL_TOKEN: test-drive-token
Pytest (unit, py3.11)	Pytest (exclude integration)	2026-09-17T11:44:02.5042328Z   MINIO_ACCESS_KEY: test-minio-access-key
Pytest (unit, py3.11)	Pytest (exclude integration)	2026-09-17T11:44:02.5042644Z   MINIO_SECRET_KEY: test-minio-secret-key
Pytest (unit, py3.11)	Pytest (exclude integration)	2026-09-17T11:44:02.5042974Z ##[endgroup]
Pytest (unit, py3.11)	Pytest (exclude integration)	2026-09-17T11:44:27.7128395Z ........................................................................ [  0%]
Pytest (unit, py3.11)	Pytest (exclude integration)	2026-09-17T11:44:29.9071671Z ........................................................................ [  1%]
Pytest (unit, py3.11)	Pytest (exclude integration)	2026-09-17T11:44:30.5444512Z ........................................................................ [  2%]
Pytest (unit, py3.11)	Pytest (exclude integration)	2026-09-17T11:44:35.5536893Z ........................................................................ [  3%]
Pytest (unit, py3.11)	Pytest (exclude integration)	2026-09-17T11:44:35.7716229Z ........................................................................ [  4%]
Pytest (unit, py3.11)	Pytest (exclude integration)	2026-09-17T11:44:38.2385431Z ........................................................................ [  5%]
Pytest (unit, py3.11)	Pytest (exclude integration)	2026-09-17T11:44:38.7057515Z ........................................................................ [  6%]
Pytest (unit, py3.11)	Pytest (exclude integration)	2026-09-17T11:44:41.6698778Z ........................................................................ [  7%]
Pytest (unit, py3.11)	Pytest (exclude integration)	2026-09-17T11:44:42.8420980Z ........................................................................ [  8%]
Pytest (unit, py3.11)	Pytest (exclude integration)	2026-09-17T11:44:43.3728413Z ........................................................................ [  9%]
Pytest (unit, py3.11)	Pytest (exclude integration)	2026-09-17T11:44:44.6703684Z ........................................................................ [ 10%]
Pytest (unit, py3.11)	Pytest (exclude integration)	2026-09-17T11:44:52.1337198Z ........................................................................ [ 11%]
Pytest (unit, py3.11)	Pytest (exclude integration)	2026-09-17T11:44:53.0156699Z ........................................................................ [ 12%]
Pytest (unit, py3.11)	Pytest (exclude integration)	2026-09-17T11:44:53.2307499Z ........................................................................ [ 12%]
Pytest (unit, py3.11)	Pytest (exclude integration)	2026-09-17T11:44:55.4509422Z ........................................................................ [ 13%]
Pytest (unit, py3.11)	Pytest (exclude integration)	2026-09-17T11:44:55.6120799Z ........................................................................ [ 14%]
Pytest (unit, py3.11)	Pytest (exclude integration)	2026-09-17T11:44:55.8470629Z ........................................................................ [ 15%]
Pytest (unit, py3.11)	Pytest (exclude integration)	2026-09-17T11:44:56.0077004Z ........................................................................ [ 16%]
Pytest (unit, py3.11)	Pytest (exclude integration)	2026-09-17T11:44:56.2418229Z ........................................................................ [ 17%]
Pytest (unit, py3.11)	Pytest (exclude integration)	2026-09-17T11:45:13.3663603Z ........................................................................ [ 18%]
Pytest (unit, py3.11)	Pytest (exclude integration)	2026-09-17T11:45:16.4946907Z ................s....................................................... [ 19%]
Pytest (unit, py3.11)	Pytest (exclude integration)	2026-09-17T11:45:17.4290977Z ........................................................................ [ 20%]
Pytest (unit, py3.11)	Pytest (exclude integration)	2026-09-17T11:45:43.9405476Z ........................................................................ [ 21%]
Pytest (unit, py3.11)	Pytest (exclude integration)	2026-09-17T11:45:44.3176906Z sssssss................................................................. [ 22%]
Pytest (unit, py3.11)	Pytest (exclude integration)	2026-09-17T11:45:44.4961662Z ........................................................................ [ 23%]
Pytest (unit, py3.11)	Pytest (exclude integration)	2026-09-17T11:45:44.6762653Z ........................................................................ [ 24%]
Pytest (unit, py3.11)	Pytest (exclude integration)	2026-09-17T11:45:46.0377530Z ...............ssss..................................................... [ 24%]
Pytest (unit, py3.11)	Pytest (exclude integration)	2026-09-17T11:45:47.7576591Z ........................................................................ [ 25%]
Pytest (unit, py3.11)	Pytest (exclude integration)	2026-09-17T11:45:50.4211605Z ........................................................................ [ 26%]
Pytest (unit, py3.11)	Pytest (exclude integration)	2026-09-17T11:45:50.8397233Z ........................................................................ [ 27%]
Pytest (unit, py3.11)	Pytest (exclude integration)	2026-09-17T11:45:53.1600918Z ...........................................ss........................... [ 28%]
Pytest (unit, py3.11)	Pytest (exclude integration)	2026-09-17T11:45:53.5061059Z ........................................................................ [ 29%]
Pytest (unit, py3.11)	Pytest (exclude integration)	2026-09-17T11:45:53.7321717Z ........................................................................ [ 30%]
Pytest (unit, py3.11)	Pytest (exclude integration)	2026-09-17T11:45:58.0475859Z .............................................................ssss....... [ 31%]
Pytest (unit, py3.11)	Pytest (exclude integration)	2026-09-17T11:45:58.7668068Z ........................................................................ [ 32%]
Pytest (unit, py3.11)	Pytest (exclude integration)	2026-09-17T11:45:59.0945068Z ........................................................................ [ 33%]
Pytest (unit, py3.11)	Pytest (exclude integration)	2026-09-17T11:46:27.3273386Z ........................................................................ [ 34%]
Pytest (unit, py3.11)	Pytest (exclude integration)	2026-09-17T11:46:27.5254036Z ........................................................................ [ 35%]
Pytest (unit, py3.11)	Pytest (exclude integration)	2026-09-17T11:46:31.2620827Z ........................................................................ [ 36%]
Pytest (unit, py3.11)	Pytest (exclude integration)	2026-09-17T11:46:33.5676906Z ........................................................................ [ 36%]
Pytest (unit, py3.11)	Pytest (exclude integration)	2026-09-17T11:46:45.5346158Z ........................................................................ [ 37%]
Pytest (unit, py3.11)	Pytest (exclude integration)	2026-09-17T11:47:04.4760615Z .................F...................................................... [ 38%]
Pytest (unit, py3.11)	Pytest (exclude integration)	2026-09-17T11:47:04.6361048Z ........................................................................ [ 39%]
Pytest (unit, py3.11)	Pytest (exclude integration)	2026-09-17T11:47:04.9229379Z ...........................................sss.......................... [ 40%]
Pytest (unit, py3.11)	Pytest (exclude integration)	2026-09-17T11:47:06.1375052Z ........................................................................ [ 41%]
Pytest (unit, py3.11)	Pytest (exclude integration)	2026-09-17T11:47:07.5549257Z ...............................................................ss....... [ 42%]
Pytest (unit, py3.11)	Pytest (exclude integration)	2026-09-17T11:47:08.3726944Z ..................ss.................................................... [ 43%]
Pytest (unit, py3.11)	Pytest (exclude integration)	2026-09-17T11:47:08.6021607Z ........................................................................ [ 44%]
Pytest (unit, py3.11)	Pytest (exclude integration)	2026-09-17T11:47:33.3187870Z ........................................................................ [ 45%]
Pytest (unit, py3.11)	Pytest (exclude integration)	2026-09-17T11:47:33.5733539Z ........................................................................ [ 46%]
Pytest (unit, py3.11)	Pytest (exclude integration)	2026-09-17T11:47:33.8026168Z ........................................................................ [ 47%]
Pytest (unit, py3.11)	Pytest (exclude integration)	2026-09-17T11:47:33.9882976Z ........................................................................ [ 48%]
Pytest (unit, py3.11)	Pytest (exclude integration)	2026-09-17T11:47:34.1885525Z ........................................................................ [ 48%]
Pytest (unit, py3.11)	Pytest (exclude integration)	2026-09-17T11:47:37.4578298Z .......................s................................................ [ 49%]
Pytest (unit, py3.11)	Pytest (exclude integration)	2026-09-17T11:47:37.8805801Z ........................................................................ [ 50%]
Pytest (unit, py3.11)	Pytest (exclude integration)	2026-09-17T11:47:38.4858785Z ........................................................................ [ 51%]
Pytest (unit, py3.11)	Pytest (exclude integration)	2026-09-17T11:47:38.8743101Z ........................................................................ [ 52%]
Pytest (unit, py3.11)	Pytest (exclude integration)	2026-09-17T11:47:39.2690871Z ........................................................................ [ 53%]
Pytest (unit, py3.11)	Pytest (exclude integration)	2026-09-17T11:48:05.9789399Z ........................................................................ [ 54%]
Pytest (unit, py3.11)	Pytest (exclude integration)	2026-09-17T11:48:06.2671930Z ........................................................................ [ 55%]
Pytest (unit, py3.11)	Pytest (exclude integration)	2026-09-17T11:48:07.8725532Z ........................................................................ [ 56%]
Pytest (unit, py3.11)	Pytest (exclude integration)	2026-09-17T11:48:09.4461549Z ...................................................s.................... [ 57%]
Pytest (unit, py3.11)	Pytest (exclude integration)	2026-09-17T11:48:09.6025145Z ........................................................................ [ 58%]
Pytest (unit, py3.11)	Pytest (exclude integration)	2026-09-17T11:48:35.8216418Z ........................................................................ [ 59%]
Pytest (unit, py3.11)	Pytest (exclude integration)	2026-09-17T11:48:36.0605147Z ........................................................................ [ 60%]
Pytest (unit, py3.11)	Pytest (exclude integration)	2026-09-17T11:48:36.3317536Z ........................................................................ [ 61%]
Pytest (unit, py3.11)	Pytest (exclude integration)	2026-09-17T11:48:36.5091890Z ........................................................................ [ 61%]
Pytest (unit, py3.11)	Pytest (exclude integration)	2026-09-17T11:48:36.6921500Z ........................................................................ [ 62%]
Pytest (unit, py3.11)	Pytest (exclude integration)	2026-09-17T11:48:36.9804609Z ........................................................................ [ 63%]
Pytest (unit, py3.11)	Pytest (exclude integration)	2026-09-17T11:48:37.1406370Z ........................................................................ [ 64%]
Pytest (unit, py3.11)	Pytest (exclude integration)	2026-09-17T11:48:37.3117505Z ........................................................................ [ 65%]
Pytest (unit, py3.11)	Pytest (exclude integration)	2026-09-17T11:48:37.5534960Z ........................................................................ [ 66%]
Pytest (unit, py3.11)	Pytest (exclude integration)	2026-09-17T11:48:39.2152283Z ........................................................................ [ 67%]
Pytest (unit, py3.11)	Pytest (exclude integration)	2026-09-17T11:48:39.5415003Z .......................................s................................ [ 68%]
Pytest (unit, py3.11)	Pytest (exclude integration)	2026-09-17T11:48:39.8421683Z ........................................................................ [ 69%]
Pytest (unit, py3.11)	Pytest (exclude integration)	2026-09-17T11:48:40.1828388Z ........................................................................ [ 70%]
Pytest (unit, py3.11)	Pytest (exclude integration)	2026-09-17T11:48:40.5864151Z ........................................................................ [ 71%]
Pytest (unit, py3.11)	Pytest (exclude integration)	2026-09-17T11:48:41.0775140Z ........................................................................ [ 72%]
Pytest (unit, py3.11)	Pytest (exclude integration)	2026-09-17T11:48:41.5885496Z ........................................................................ [ 73%]
Pytest (unit, py3.11)	Pytest (exclude integration)	2026-09-17T11:48:42.1542721Z ........................................................................ [ 73%]
Pytest (unit, py3.11)	Pytest (exclude integration)	2026-09-17T11:48:42.5534891Z ........................................................................ [ 74%]
Pytest (unit, py3.11)	Pytest (exclude integration)	2026-09-17T11:48:43.0496933Z ........................................................................ [ 75%]
Pytest (unit, py3.11)	Pytest (exclude integration)	2026-09-17T11:48:43.6107291Z ........................................................................ [ 76%]
Pytest (unit, py3.11)	Pytest (exclude integration)	2026-09-17T11:48:44.0062965Z ........................................................................ [ 77%]
Pytest (unit, py3.11)	Pytest (exclude integration)	2026-09-17T11:48:44.5578380Z ........................................................................ [ 78%]
Pytest (unit, py3.11)	Pytest (exclude integration)	2026-09-17T11:48:44.7161947Z ........................................................................ [ 79%]
Pytest (unit, py3.11)	Pytest (exclude integration)	2026-09-17T11:48:44.8739905Z ........................................................................ [ 80%]
Pytest (unit, py3.11)	Pytest (exclude integration)	2026-09-17T11:48:45.0324470Z ........................................................................ [ 81%]
Pytest (unit, py3.11)	Pytest (exclude integration)	2026-09-17T11:48:45.7654280Z ........................................................................ [ 82%]
Pytest (unit, py3.11)	Pytest (exclude integration)	2026-09-17T11:49:01.7364727Z ........................................................................ [ 83%]
Pytest (unit, py3.11)	Pytest (exclude integration)	2026-09-17T11:49:01.9724656Z ........................................................................ [ 84%]
Pytest (unit, py3.11)	Pytest (exclude integration)	2026-09-17T11:49:02.1998911Z ........................................................................ [ 85%]
Pytest (unit, py3.11)	Pytest (exclude integration)	2026-09-17T11:49:02.4690192Z ........................................................................ [ 85%]
Pytest (unit, py3.11)	Pytest (exclude integration)	2026-09-17T11:49:02.7870186Z ........................................................................ [ 86%]
Pytest (unit, py3.11)	Pytest (exclude integration)	2026-09-17T11:49:03.1519578Z ........................................................................ [ 87%]
Pytest (unit, py3.11)	Pytest (exclude integration)	2026-09-17T11:49:03.4049308Z ........................................................................ [ 88%]
Pytest (unit, py3.11)	Pytest (exclude integration)	2026-09-17T11:49:03.7770238Z ........................................................................ [ 89%]
Pytest (unit, py3.11)	Pytest (exclude integration)	2026-09-17T11:49:04.0612266Z ........................................................................ [ 90%]
Pytest (unit, py3.11)	Pytest (exclude integration)	2026-09-17T11:49:04.4630314Z ........................................................................ [ 91%]
Pytest (unit, py3.11)	Pytest (exclude integration)	2026-09-17T11:49:04.9301554Z ........................................................................ [ 92%]
Pytest (unit, py3.11)	Pytest (exclude integration)	2026-09-17T11:49:08.5838957Z ........................................................................ [ 93%]
Pytest (unit, py3.11)	Pytest (exclude integration)	2026-09-17T11:49:08.9696771Z .......................................................................s [ 94%]
Pytest (unit, py3.11)	Pytest (exclude integration)	2026-09-17T11:49:09.3353277Z ........................................................................ [ 95%]
Pytest (unit, py3.11)	Pytest (exclude integration)	2026-09-17T11:49:16.3941994Z ........................................................................ [ 96%]
Pytest (unit, py3.11)	Pytest (exclude integration)	2026-09-17T11:49:16.7807224Z ........................................................................ [ 97%]
Pytest (unit, py3.11)	Pytest (exclude integration)	2026-09-17T11:49:16.9444849Z ........................................................................ [ 97%]
Pytest (unit, py3.11)	Pytest (exclude integration)	2026-09-17T11:49:17.4808943Z ........................................................................ [ 98%]
Pytest (unit, py3.11)	Pytest (exclude integration)	2026-09-17T11:49:18.0531518Z ........................................................................ [ 99%]
Pytest (unit, py3.11)	Pytest (exclude integration)	2026-09-17T11:49:20.5121695Z .............                                                            [100%]
Pytest (unit, py3.11)	Pytest (exclude integration)	2026-09-17T11:49:20.5122825Z =================================== FAILURES ===================================
Pytest (unit, py3.11)	Pytest (exclude integration)	2026-09-17T11:49:20.5124372Z ________ test_every_script_reading_a_wrapped_column_calls_the_rls_guard ________
Pytest (unit, py3.11)	Pytest (exclude integration)	2026-09-17T11:49:20.5125887Z tests/test_rewrap_sweep_requires_bypassrls.py:202: in test_every_script_reading_a_wrapped_column_calls_the_rls_guard
Pytest (unit, py3.11)	Pytest (exclude integration)	2026-09-17T11:49:20.5127078Z     assert not unguarded, (
Pytest (unit, py3.11)	Pytest (exclude integration)	2026-09-17T11:49:20.5128922Z E   AssertionError: these scripts read a master-key-wrapped column without calling rls_visibility_problem(): ['check_schema_drift.py']. A role without BYPASSRLS sees ZERO rows in the five FORCE-RLS registered tables, so such a script reports success while leaving blobs wrapped under the old key. Call the guard immediately after connecting.
Pytest (unit, py3.11)	Pytest (exclude integration)	2026-09-17T11:49:20.5130667Z E   assert not ['check_schema_drift.py']
Pytest (unit, py3.11)	Pytest (exclude integration)	2026-09-17T11:49:20.5131100Z =========================== short test summary info ============================
Pytest (unit, py3.11)	Pytest (exclude integration)	2026-09-17T11:49:20.5133657Z FAILED tests/test_rewrap_sweep_requires_bypassrls.py::test_every_script_reading_a_wrapped_column_calls_the_rls_guard - AssertionError: these scripts read a master-key-wrapped column without calling rls_visibility_problem(): ['check_schema_drift.py']. A role without BYPASSRLS sees ZERO rows in the five FORCE-RLS registered tables, so such a script reports success while leaving blobs wrapped under the old key. Call the guard immediately after connecting.
Pytest (unit, py3.11)	Pytest (exclude integration)	2026-09-17T11:49:20.5136347Z assert not ['check_schema_drift.py']
Pytest (unit, py3.11)	Pytest (exclude integration)	2026-09-17T11:49:20.5136896Z 1 failed, 7759 passed, 29 skipped, 1433 deselected in 317.21s (0:05:17)
Pytest (unit, py3.11)	Pytest (exclude integration)	2026-09-17T11:49:24.5932134Z ##[error]Process completed with exit code 1.
